empty_scale=0.9 n_blend=0.5: 0.98055
empty_scale=0.9 n_blend=0.8: 0.98055
empty_scale=0.9 n_blend=1.0: 0.98056
empty_scale=1.0 n_blend=0.5: 0.98057
empty_scale=1.0 n_blend=0.8: 0.98057
empty_scale=1.0 n_blend=1.0: 0.98058
empty_scale=1.1 n_blend=0.5: 0.98058
empty_scale=1.1 n_blend=0.8: 0.98058
empty_scale=1.1 n_blend=1.0: 0.98059
empty_scale=1.2 n_blend=0.5: 0.98059
empty_scale=1.2 n_blend=0.8: 0.98059
empty_scale=1.2 n_blend=1.0: 0.98060
empty_scale=1.3 n_blend=0.5: 0.98059
empty_scale=1.3 n_blend=0.8: 0.98059
empty_scale=1.3 n_blend=1.0: 0.98060
empty_scale=1.45 n_blend=0.5: 0.98059
empty_scale=1.45 n_blend=0.8: 0.98059
empty_scale=1.45 n_blend=1.0: 0.98060
┌────────────────────────────────────────┐
│ EXPERIMENT SCORECARD: E03a_stage2_entit│
├────────────────────────────────────────┤
│ Blocking recall                97.51 % │
│ Avg candidates / S1               20.0 │
│ P95 candidates / S1                 20 │
│ Pair precision                 99.60 % │
│ Pair recall                    95.20 % │
│ Macro F0.5                      0.9806 │
│ Singleton accuracy             98.14 % │
│ False positives                  28901 │
│ False negatives                 366496 │
└────────────────────────────────────────┘
